Release 14.7 - xst P.20131013 (nt64)
Copyright (c) 1995-2013 Xilinx, Inc.  All rights reserved.
--> Parameter TMPDIR set to xst/projnav.tmp


Total REAL time to Xst completion: 0.00 secs
Total CPU time to Xst completion: 0.11 secs
 
--> Parameter xsthdpdir set to xst


Total REAL time to Xst completion: 0.00 secs
Total CPU time to Xst completion: 0.11 secs
 
--> Reading design: Main.prj

TABLE OF CONTENTS
  1) Synthesis Options Summary
  2) HDL Compilation
  3) Design Hierarchy Analysis
  4) HDL Analysis
  5) HDL Synthesis
     5.1) HDL Synthesis Report
  6) Advanced HDL Synthesis
     6.1) Advanced HDL Synthesis Report
  7) Low Level Synthesis
  8) Partition Report
  9) Final Report
	9.1) Device utilization summary
	9.2) Partition Resource Summary
	9.3) TIMING REPORT


=========================================================================
*                      Synthesis Options Summary                        *
=========================================================================
---- Source Parameters
Input File Name                    : "Main.prj"
Input Format                       : mixed
Ignore Synthesis Constraint File   : NO

---- Target Parameters
Output File Name                   : "Main"
Output Format                      : NGC
Target Device                      : xc3s1200e-4-fg320

---- Source Options
Top Module Name                    : Main
Automatic FSM Extraction           : YES
FSM Encoding Algorithm             : Auto
Safe Implementation                : No
FSM Style                          : LUT
RAM Extraction                     : Yes
RAM Style                          : Auto
ROM Extraction                     : Yes
Mux Style                          : Auto
Decoder Extraction                 : YES
Priority Encoder Extraction        : Yes
Shift Register Extraction          : YES
Logical Shifter Extraction         : YES
XOR Collapsing                     : YES
ROM Style                          : Auto
Mux Extraction                     : Yes
Resource Sharing                   : YES
Asynchronous To Synchronous        : NO
Multiplier Style                   : Auto
Automatic Register Balancing       : No

---- Target Options
Add IO Buffers                     : YES
Global Maximum Fanout              : 100000
Add Generic Clock Buffer(BUFG)     : 24
Register Duplication               : YES
Slice Packing                      : YES
Optimize Instantiated Primitives   : NO
Use Clock Enable                   : Yes
Use Synchronous Set                : Yes
Use Synchronous Reset              : Yes
Pack IO Registers into IOBs        : Auto
Equivalent register Removal        : YES

---- General Options
Optimization Goal                  : Speed
Optimization Effort                : 1
Keep Hierarchy                     : No
Netlist Hierarchy                  : As_Optimized
RTL Output                         : Yes
Global Optimization                : AllClockNets
Read Cores                         : YES
Write Timing Constraints           : NO
Cross Clock Analysis               : NO
Hierarchy Separator                : /
Bus Delimiter                      : <>
Case Specifier                     : Maintain
Slice Utilization Ratio            : 100
BRAM Utilization Ratio             : 100
Verilog 2001                       : YES
Auto BRAM Packing                  : NO
Slice Utilization Ratio Delta      : 5

=========================================================================


=========================================================================
*                          HDL Compilation                              *
=========================================================================
Compiling vhdl file "D:/Study/THU/2016Autumn/CPU/THINPAD/Timer.vhd" in Library work.
Architecture behavioral of Entity timer is up to date.
Compiling vhdl file "D:/Study/THU/2016Autumn/CPU/THINPAD/DigitLights.vhd" in Library work.
Architecture behavioral of Entity digitlights is up to date.
Compiling vhdl file "D:/Study/THU/2016Autumn/CPU/THINPAD/InstructionMemory.vhd" in Library work.
Architecture behavioral of Entity instructionmemory is up to date.
Compiling vhdl file "D:/Study/THU/2016Autumn/CPU/THINPAD/Main.vhd" in Library work.
Entity <main> compiled.
Entity <main> (Architecture <behavioral>) compiled.

=========================================================================
*                     Design Hierarchy Analysis                         *
=========================================================================
Analyzing hierarchy for entity <Main> in library <work> (architecture <behavioral>).

Analyzing hierarchy for entity <Timer> in library <work> (architecture <behavioral>).

Analyzing hierarchy for entity <DigitLights> in library <work> (architecture <behavioral>).

Analyzing hierarchy for entity <InstructionMemory> in library <work> (architecture <behavioral>).


=========================================================================
*                            HDL Analysis                               *
=========================================================================
Analyzing Entity <Main> in library <work> (Architecture <behavioral>).
Entity <Main> analyzed. Unit <Main> generated.

Analyzing Entity <Timer> in library <work> (Architecture <behavioral>).
Entity <Timer> analyzed. Unit <Timer> generated.

Analyzing Entity <DigitLights> in library <work> (Architecture <behavioral>).
INFO:Xst:1561 - "D:/Study/THU/2016Autumn/CPU/THINPAD/DigitLights.vhd" line 57: Mux is complete : default of case is discarded
Entity <DigitLights> analyzed. Unit <DigitLights> generated.

Analyzing Entity <InstructionMemory> in library <work> (Architecture <behavioral>).
Entity <InstructionMemory> analyzed. Unit <InstructionMemory> generated.


=========================================================================
*                           HDL Synthesis                               *
=========================================================================

Performing bidirectional port resolution...

Synthesizing Unit <Timer>.
    Related source file is "D:/Study/THU/2016Autumn/CPU/THINPAD/Timer.vhd".
    Found 1-bit register for signal <CLK_MAJOR_CURRENT>.
    Found 1-bit register for signal <CLK_MINOR_CURRENT>.
    Found 7-bit register for signal <count>.
    Found 7-bit adder for signal <count$addsub0000> created at line 61.
    Summary:
	inferred   9 D-type flip-flop(s).
	inferred   1 Adder/Subtractor(s).
Unit <Timer> synthesized.


Synthesizing Unit <DigitLights>.
    Related source file is "D:/Study/THU/2016Autumn/CPU/THINPAD/DigitLights.vhd".
    Found 16x7-bit ROM for signal <L>.
    Summary:
	inferred   1 ROM(s).
Unit <DigitLights> synthesized.


Synthesizing Unit <InstructionMemory>.
    Related source file is "D:/Study/THU/2016Autumn/CPU/THINPAD/InstructionMemory.vhd".
WARNING:Xst:1780 - Signal <Writing> is never used or assigned. This unconnected signal will be trimmed during the optimization process.
    Found finite state machine <FSM_0> for signal <step>.
    -----------------------------------------------------------------------
    | States             | 8                                              |
    | Transitions        | 8                                              |
    | Inputs             | 0                                              |
    | Outputs            | 9                                              |
    | Clock              | CLK                       (rising_edge)        |
    | Clock enable       | step$and0000              (positive)           |
    | Power Up State     | 000000                                         |
    | Encoding           | automatic                                      |
    | Implementation     | LUT                                            |
    -----------------------------------------------------------------------
    Found 18-bit register for signal <ADDR>.
    Found 1-bit register for signal <OE>.
    Found 16-bit register for signal <Instruction>.
    Found 1-bit register for signal <WE>.
    Found 16-bit tristate buffer for signal <DATA>.
    Found 16-bit register for signal <Mtridata_DATA> created at line 61.
    Found 1-bit register for signal <Mtrien_DATA> created at line 61.
    Found 1-bit register for signal <Reading>.
    Found 1-bit register for signal <RUNNABLE>.
    Summary:
	inferred   1 Finite State Machine(s).
	inferred  55 D-type flip-flop(s).
	inferred  16 Tristate(s).
Unit <InstructionMemory> synthesized.


Synthesizing Unit <Main>.
    Related source file is "D:/Study/THU/2016Autumn/CPU/THINPAD/Main.vhd".
WARNING:Xst:647 - Input <RESET> is never used. This port will be preserved and left unconnected if it belongs to a top-level block or it belongs to a sub-block and the hierarchy of this sub-block is preserved.
WARNING:Xst:647 - Input <PS2KB_DATA> is never used. This port will be preserved and left unconnected if it belongs to a top-level block or it belongs to a sub-block and the hierarchy of this sub-block is preserved.
WARNING:Xst:647 - Input <DATA_READY> is never used. This port will be preserved and left unconnected if it belongs to a top-level block or it belongs to a sub-block and the hierarchy of this sub-block is preserved.
WARNING:Xst:647 - Input <CLK0> is never used. This port will be preserved and left unconnected if it belongs to a top-level block or it belongs to a sub-block and the hierarchy of this sub-block is preserved.
WARNING:Xst:647 - Input <CLK1> is never used. This port will be preserved and left unconnected if it belongs to a top-level block or it belongs to a sub-block and the hierarchy of this sub-block is preserved.
WARNING:Xst:647 - Input <TBRE> is never used. This port will be preserved and left unconnected if it belongs to a top-level block or it belongs to a sub-block and the hierarchy of this sub-block is preserved.
WARNING:Xst:647 - Input <TSRE> is never used. This port will be preserved and left unconnected if it belongs to a top-level block or it belongs to a sub-block and the hierarchy of this sub-block is preserved.
WARNING:Xst:653 - Signal <state> is used but never assigned. This sourceless signal will be automatically connected to value 000000.
WARNING:Xst:1780 - Signal <WriteData> is never used or assigned. This unconnected signal will be trimmed during the optimization process.
WARNING:Xst:1780 - Signal <ReadData> is never used or assigned. This unconnected signal will be trimmed during the optimization process.
WARNING:Xst:653 - Signal <MODE> is used but never assigned. This sourceless signal will be automatically connected to value 01.
WARNING:Xst:646 - Signal <CLK_MINOR> is assigned but never used. This unconnected signal will be trimmed during the optimization process.
WARNING:Xst:646 - Signal <CLK_MAJOR> is assigned but never used. This unconnected signal will be trimmed during the optimization process.
WARNING:Xst:653 - Signal <BOOT> is used but never assigned. This sourceless signal will be automatically connected to value 0.
WARNING:Xst:1780 - Signal <Address> is never used or assigned. This unconnected signal will be trimmed during the optimization process.
Unit <Main> synthesized.


=========================================================================
HDL Synthesis Report

Macro Statistics
# ROMs                                                 : 1
 16x7-bit ROM                                          : 1
# Adders/Subtractors                                   : 1
 7-bit adder                                           : 1
# Registers                                            : 11
 1-bit register                                        : 7
 16-bit register                                       : 2
 18-bit register                                       : 1
 7-bit register                                        : 1
# Tristates                                            : 1
 16-bit tristate buffer                                : 1

=========================================================================

=========================================================================
*                       Advanced HDL Synthesis                          *
=========================================================================

Analyzing FSM <FSM_0> for best encoding.
Optimizing FSM <IM/step/FSM> on signal <step[1:8]> with one-hot encoding.
--------------------
 State  | Encoding
--------------------
 000000 | 00000001
 000001 | 00000010
 000010 | 00000100
 000011 | 00001000
 000100 | 00010000
 000101 | 00100000
 000110 | 01000000
 000111 | 10000000
--------------------
WARNING:Xst:1290 - Hierarchical block <TIMER_ENTITY> is unconnected in block <Main>.
   It will be removed from the design.
WARNING:Xst:1426 - The value init of the FF/Latch RUNNABLE hinder the constant cleaning in the block IM.
   You should achieve better results by setting this init to 0.
WARNING:Xst:1426 - The value init of the FF/Latch FFd8 hinder the constant cleaning in the block FSM.
   You should achieve better results by setting this init to 0.
WARNING:Xst:1710 - FF/Latch <ADDR_16> (without init value) has a constant value of 0 in block <IM>. This FF/Latch will be trimmed during the optimization process.
WARNING:Xst:1710 - FF/Latch <ADDR_17> (without init value) has a constant value of 0 in block <IM>. This FF/Latch will be trimmed during the optimization process.

=========================================================================
Advanced HDL Synthesis Report

Macro Statistics
# FSMs                                                 : 1
# ROMs                                                 : 1
 16x7-bit ROM                                          : 1
# Adders/Subtractors                                   : 1
 7-bit adder                                           : 1
# Registers                                            : 64
 Flip-Flops                                            : 64

=========================================================================

=========================================================================
*                         Low Level Synthesis                           *
=========================================================================
WARNING:Xst:1426 - The value init of the FF/Latch FSM_FFd8 hinder the constant cleaning in the block FSM_0-parent.
   You should achieve better results by setting this init to 0.
WARNING:Xst:1426 - The value init of the FF/Latch RUNNABLE hinder the constant cleaning in the block InstructionMemory.
   You should achieve better results by setting this init to 0.
WARNING:Xst:1710 - FF/Latch <ADDR_16> (without init value) has a constant value of 0 in block <InstructionMemory>. This FF/Latch will be trimmed during the optimization process.
WARNING:Xst:1895 - Due to other FF/Latch trimming, FF/Latch <ADDR_17> (without init value) has a constant value of 0 in block <InstructionMemory>. This FF/Latch will be trimmed during the optimization process.

Optimizing unit <Main> ...
WARNING:Xst:1710 - FF/Latch <IM/Mtridata_DATA_14> (without init value) has a constant value of 1 in block <Main>. This FF/Latch will be trimmed during the optimization process.
WARNING:Xst:1895 - Due to other FF/Latch trimming, FF/Latch <IM/Mtridata_DATA_13> (without init value) has a constant value of 1 in block <Main>. This FF/Latch will be trimmed during the optimization process.
WARNING:Xst:638 - in unit Main Conflict on KEEP property on signal IM/Mtridata_DATA<14> and IM/Mtridata_DATA<13> IM/Mtridata_DATA<13> signal will be lost.

Optimizing unit <Timer> ...
WARNING:Xst:2677 - Node <TIMER_ENTITY/CLK_MINOR_CURRENT> of sequential type is unconnected in block <Main>.
WARNING:Xst:2677 - Node <TIMER_ENTITY/CLK_MAJOR_CURRENT> of sequential type is unconnected in block <Main>.
WARNING:Xst:2677 - Node <TIMER_ENTITY/count_6> of sequential type is unconnected in block <Main>.
WARNING:Xst:2677 - Node <TIMER_ENTITY/count_5> of sequential type is unconnected in block <Main>.
WARNING:Xst:2677 - Node <TIMER_ENTITY/count_4> of sequential type is unconnected in block <Main>.
WARNING:Xst:2677 - Node <TIMER_ENTITY/count_3> of sequential type is unconnected in block <Main>.
WARNING:Xst:2677 - Node <TIMER_ENTITY/count_2> of sequential type is unconnected in block <Main>.
WARNING:Xst:2677 - Node <TIMER_ENTITY/count_1> of sequential type is unconnected in block <Main>.
WARNING:Xst:2677 - Node <TIMER_ENTITY/count_0> of sequential type is unconnected in block <Main>.

Mapping all equations...
Building and optimizing final netlist ...
Found area constraint ratio of 100 (+ 5) on block Main, actual ratio is 0.

Final Macro Processing ...

=========================================================================
Final Register Report

Macro Statistics
# Registers                                            : 59
 Flip-Flops                                            : 59

=========================================================================

=========================================================================
*                           Partition Report                            *
=========================================================================

Partition Implementation Status
-------------------------------

  No Partitions were found in this design.

-------------------------------

=========================================================================
*                            Final Report                               *
=========================================================================
Final Results
RTL Top Level Output File Name     : Main.ngr
Top Level Output File Name         : Main
Output Format                      : NGC
Optimization Goal                  : Speed
Keep Hierarchy                     : No

Design Statistics
# IOs                              : 192

Cell Usage :
# BELS                             : 51
#      GND                         : 1
#      INV                         : 2
#      LUT2                        : 6
#      LUT2_D                      : 1
#      LUT2_L                      : 2
#      LUT3                        : 9
#      LUT4                        : 25
#      LUT4_D                      : 1
#      LUT4_L                      : 3
#      VCC                         : 1
# FlipFlops/Latches                : 59
#      FDE                         : 59
# Clock Buffers                    : 1
#      BUFGP                       : 1
# IO Buffers                       : 184
#      IBUF                        : 16
#      IOBUF                       : 16
#      OBUF                        : 152
=========================================================================

Device utilization summary:
---------------------------

Selected Device : 3s1200efg320-4 

 Number of Slices:                       29  out of   8672     0%  
 Number of Slice Flip Flops:             43  out of  17344     0%  
 Number of 4 input LUTs:                 49  out of  17344     0%  
 Number of IOs:                         192
 Number of bonded IOBs:                 185  out of    250    74%  
    IOB Flip Flops:                      16
 Number of GCLKs:                         1  out of     24     4%  

---------------------------
Partition Resource Summary:
---------------------------

  No Partitions were found in this design.

---------------------------


=========================================================================
TIMING REPORT

NOTE: THESE TIMING NUMBERS ARE ONLY A SYNTHESIS ESTIMATE.
      FOR ACCURATE TIMING INFORMATION PLEASE REFER TO THE TRACE REPORT
      GENERATED AFTER PLACE-and-ROUTE.

Clock Information:
------------------
-----------------------------------+------------------------+-------+
Clock Signal                       | Clock buffer(FF name)  | Load  |
-----------------------------------+------------------------+-------+
CLK_FROM_KEY                       | BUFGP                  | 59    |
-----------------------------------+------------------------+-------+

Asynchronous Control Signals Information:
----------------------------------------
No asynchronous control signals found in this design

Timing Summary:
---------------
Speed Grade: -4

   Minimum period: 5.028ns (Maximum Frequency: 198.886MHz)
   Minimum input arrival time before clock: 3.804ns
   Maximum output required time after clock: 4.914ns
   Maximum combinational path delay: No path found

Timing Detail:
--------------
All values displayed in nanoseconds (ns)

=========================================================================
Timing constraint: Default period analysis for Clock 'CLK_FROM_KEY'
  Clock period: 5.028ns (frequency: 198.886MHz)
  Total number of paths / destination ports: 341 / 100
-------------------------------------------------------------------------
Delay:               5.028ns (Levels of Logic = 3)
  Source:            IM/step_FSM_FFd3 (FF)
  Destination:       IM/ADDR_1 (FF)
  Source Clock:      CLK_FROM_KEY rising
  Destination Clock: CLK_FROM_KEY rising

  Data Path: IM/step_FSM_FFd3 to IM/ADDR_1
                                Gate     Net
    Cell:in->out      fanout   Delay   Delay  Logical Name (Net Name)
    ----------------------------------------  ------------
     FDE:C->Q              6   0.591   0.844  IM/step_FSM_FFd3 (IM/step_FSM_FFd3)
     LUT2_L:I0->LO         1   0.704   0.104  IM/ADDR_mux0000<0>1_SW0 (N9)
     LUT4:I3->O           16   0.704   1.069  IM/ADDR_mux0000<0>1 (N0)
     LUT3:I2->O            1   0.704   0.000  IM/ADDR_mux0000<1> (IM/ADDR_mux0000<1>)
     FDE:D                     0.308          IM/ADDR_1
    ----------------------------------------
    Total                      5.028ns (3.011ns logic, 2.017ns route)
                                       (59.9% logic, 40.1% route)

=========================================================================
Timing constraint: Default OFFSET IN BEFORE for Clock 'CLK_FROM_KEY'
  Total number of paths / destination ports: 32 / 32
-------------------------------------------------------------------------
Offset:              3.804ns (Levels of Logic = 3)
  Source:            SW_DIP<1> (PAD)
  Destination:       IM/ADDR_1 (FF)
  Destination Clock: CLK_FROM_KEY rising

  Data Path: SW_DIP<1> to IM/ADDR_1
                                Gate     Net
    Cell:in->out      fanout   Delay   Delay  Logical Name (Net Name)
    ----------------------------------------  ------------
     IBUF:I->O             1   1.218   0.595  SW_DIP_1_IBUF (SW_DIP_1_IBUF)
     LUT4_L:I0->LO         1   0.704   0.275  IM/ADDR_mux0000<1>_SW0 (N11)
     LUT3:I0->O            1   0.704   0.000  IM/ADDR_mux0000<1> (IM/ADDR_mux0000<1>)
     FDE:D                     0.308          IM/ADDR_1
    ----------------------------------------
    Total                      3.804ns (2.934ns logic, 0.870ns route)
                                       (77.1% logic, 22.9% route)

=========================================================================
Timing constraint: Default OFFSET OUT AFTER for Clock 'CLK_FROM_KEY'
  Total number of paths / destination ports: 64 / 50
-------------------------------------------------------------------------
Offset:              4.914ns (Levels of Logic = 1)
  Source:            IM/Mtrien_DATA (FF)
  Destination:       RAM2DATA<15> (PAD)
  Source Clock:      CLK_FROM_KEY rising

  Data Path: IM/Mtrien_DATA to RAM2DATA<15>
                                Gate     Net
    Cell:in->out      fanout   Delay   Delay  Logical Name (Net Name)
    ----------------------------------------  ------------
     FDE:C->Q             17   0.591   1.051  IM/Mtrien_DATA (IM/Mtrien_DATA)
     IOBUF:T->IO               3.272          RAM2DATA_15_IOBUF (RAM2DATA<15>)
    ----------------------------------------
    Total                      4.914ns (3.863ns logic, 1.051ns route)
                                       (78.6% logic, 21.4% route)

=========================================================================


Total REAL time to Xst completion: 7.00 secs
Total CPU time to Xst completion: 6.46 secs
 
--> 

Total memory usage is 307764 kilobytes

Number of errors   :    0 (   0 filtered)
Number of warnings :   37 (   0 filtered)
Number of infos    :    1 (   0 filtered)

