Release 14.7 - xst P.20131013 (nt64)
Copyright (c) 1995-2013 Xilinx, Inc.  All rights reserved.
--> Parameter TMPDIR set to xst/projnav.tmp


Total REAL time to Xst completion: 0.00 secs
Total CPU time to Xst completion: 0.09 secs
 
--> Parameter xsthdpdir set to xst


Total REAL time to Xst completion: 0.00 secs
Total CPU time to Xst completion: 0.09 secs
 
--> Reading design: Main.prj

TABLE OF CONTENTS
  1) Synthesis Options Summary
  2) HDL Compilation
  3) Design Hierarchy Analysis
  4) HDL Analysis
  5) HDL Synthesis
     5.1) HDL Synthesis Report
  6) Advanced HDL Synthesis
     6.1) Advanced HDL Synthesis Report
  7) Low Level Synthesis
  8) Partition Report
  9) Final Report
	9.1) Device utilization summary
	9.2) Partition Resource Summary
	9.3) TIMING REPORT


=========================================================================
*                      Synthesis Options Summary                        *
=========================================================================
---- Source Parameters
Input File Name                    : "Main.prj"
Input Format                       : mixed
Ignore Synthesis Constraint File   : NO

---- Target Parameters
Output File Name                   : "Main"
Output Format                      : NGC
Target Device                      : xc3s1200e-4-fg320

---- Source Options
Top Module Name                    : Main
Automatic FSM Extraction           : YES
FSM Encoding Algorithm             : Auto
Safe Implementation                : No
FSM Style                          : LUT
RAM Extraction                     : Yes
RAM Style                          : Auto
ROM Extraction                     : Yes
Mux Style                          : Auto
Decoder Extraction                 : YES
Priority Encoder Extraction        : Yes
Shift Register Extraction          : YES
Logical Shifter Extraction         : YES
XOR Collapsing                     : YES
ROM Style                          : Auto
Mux Extraction                     : Yes
Resource Sharing                   : YES
Asynchronous To Synchronous        : NO
Multiplier Style                   : Auto
Automatic Register Balancing       : No

---- Target Options
Add IO Buffers                     : YES
Global Maximum Fanout              : 100000
Add Generic Clock Buffer(BUFG)     : 24
Register Duplication               : YES
Slice Packing                      : YES
Optimize Instantiated Primitives   : NO
Use Clock Enable                   : Yes
Use Synchronous Set                : Yes
Use Synchronous Reset              : Yes
Pack IO Registers into IOBs        : Auto
Equivalent register Removal        : YES

---- General Options
Optimization Goal                  : Speed
Optimization Effort                : 1
Keep Hierarchy                     : No
Netlist Hierarchy                  : As_Optimized
RTL Output                         : Yes
Global Optimization                : AllClockNets
Read Cores                         : YES
Write Timing Constraints           : NO
Cross Clock Analysis               : NO
Hierarchy Separator                : /
Bus Delimiter                      : <>
Case Specifier                     : Maintain
Slice Utilization Ratio            : 100
BRAM Utilization Ratio             : 100
Verilog 2001                       : YES
Auto BRAM Packing                  : NO
Slice Utilization Ratio Delta      : 5

=========================================================================


=========================================================================
*                          HDL Compilation                              *
=========================================================================
Compiling vhdl file "D:/Study/THU/2016Autumn/CPU/THINPAD/Timer.vhd" in Library work.
Architecture behavioral of Entity timer is up to date.
Compiling vhdl file "D:/Study/THU/2016Autumn/CPU/THINPAD/DigitLights.vhd" in Library work.
Architecture behavioral of Entity digitlights is up to date.
Compiling vhdl file "D:/Study/THU/2016Autumn/CPU/THINPAD/DataMemory.vhd" in Library work.
Architecture behavioral of Entity datamemory is up to date.
Compiling vhdl file "D:/Study/THU/2016Autumn/CPU/THINPAD/Main.vhd" in Library work.
Entity <main> compiled.
Entity <main> (Architecture <behavioral>) compiled.

=========================================================================
*                     Design Hierarchy Analysis                         *
=========================================================================
Analyzing hierarchy for entity <Main> in library <work> (architecture <behavioral>).

Analyzing hierarchy for entity <Timer> in library <work> (architecture <behavioral>).

Analyzing hierarchy for entity <DigitLights> in library <work> (architecture <behavioral>).

Analyzing hierarchy for entity <DataMemory> in library <work> (architecture <behavioral>).


=========================================================================
*                            HDL Analysis                               *
=========================================================================
Analyzing Entity <Main> in library <work> (Architecture <behavioral>).
Entity <Main> analyzed. Unit <Main> generated.

Analyzing Entity <Timer> in library <work> (Architecture <behavioral>).
Entity <Timer> analyzed. Unit <Timer> generated.

Analyzing Entity <DigitLights> in library <work> (Architecture <behavioral>).
INFO:Xst:1561 - "D:/Study/THU/2016Autumn/CPU/THINPAD/DigitLights.vhd" line 57: Mux is complete : default of case is discarded
Entity <DigitLights> analyzed. Unit <DigitLights> generated.

Analyzing Entity <DataMemory> in library <work> (Architecture <behavioral>).
Entity <DataMemory> analyzed. Unit <DataMemory> generated.


=========================================================================
*                           HDL Synthesis                               *
=========================================================================

Performing bidirectional port resolution...

Synthesizing Unit <Timer>.
    Related source file is "D:/Study/THU/2016Autumn/CPU/THINPAD/Timer.vhd".
    Found 1-bit register for signal <CLK_MAJOR_CURRENT>.
    Found 1-bit register for signal <CLK_MINOR_CURRENT>.
    Found 7-bit register for signal <count>.
    Found 7-bit adder for signal <count$addsub0000> created at line 61.
    Summary:
	inferred   9 D-type flip-flop(s).
	inferred   1 Adder/Subtractor(s).
Unit <Timer> synthesized.


Synthesizing Unit <DigitLights>.
    Related source file is "D:/Study/THU/2016Autumn/CPU/THINPAD/DigitLights.vhd".
    Found 16x7-bit ROM for signal <L>.
    Summary:
	inferred   1 ROM(s).
Unit <DigitLights> synthesized.


Synthesizing Unit <DataMemory>.
    Related source file is "D:/Study/THU/2016Autumn/CPU/THINPAD/DataMemory.vhd".
WARNING:Xst:647 - Input <TBRE> is never used. This port will be preserved and left unconnected if it belongs to a top-level block or it belongs to a sub-block and the hierarchy of this sub-block is preserved.
WARNING:Xst:647 - Input <TSRE> is never used. This port will be preserved and left unconnected if it belongs to a top-level block or it belongs to a sub-block and the hierarchy of this sub-block is preserved.
    Found 18-bit register for signal <ADDR>.
    Found 1-bit register for signal <EN>.
    Found 1-bit register for signal <OE>.
    Found 1-bit register for signal <WE>.
    Found 16-bit register for signal <ReadData>.
    Found 1-bit register for signal <RDN>.
    Found 1-bit register for signal <WRN>.
    Found 16-bit tristate buffer for signal <DATA>.
    Found 18-bit 4-to-1 multiplexer for signal <ADDR$mux0000>.
    Found 16-bit register for signal <Mtridata_DATA> created at line 89.
    Found 1-bit register for signal <Mtrien_DATA> created at line 89.
    Found 1-bit register for signal <Reading>.
    Found 1-bit register for signal <Writing>.
    Summary:
	inferred  58 D-type flip-flop(s).
	inferred  18 Multiplexer(s).
	inferred  16 Tristate(s).
Unit <DataMemory> synthesized.


Synthesizing Unit <Main>.
    Related source file is "D:/Study/THU/2016Autumn/CPU/THINPAD/Main.vhd".
WARNING:Xst:647 - Input <RESET> is never used. This port will be preserved and left unconnected if it belongs to a top-level block or it belongs to a sub-block and the hierarchy of this sub-block is preserved.
WARNING:Xst:647 - Input <PS2KB_DATA> is never used. This port will be preserved and left unconnected if it belongs to a top-level block or it belongs to a sub-block and the hierarchy of this sub-block is preserved.
WARNING:Xst:647 - Input <CLK0> is never used. This port will be preserved and left unconnected if it belongs to a top-level block or it belongs to a sub-block and the hierarchy of this sub-block is preserved.
WARNING:Xst:1780 - Signal <ReadData> is never used or assigned. This unconnected signal will be trimmed during the optimization process.
WARNING:Xst:646 - Signal <CLK_MAJOR> is assigned but never used. This unconnected signal will be trimmed during the optimization process.
WARNING:Xst:1780 - Signal <BOOT> is never used or assigned. This unconnected signal will be trimmed during the optimization process.
    Found finite state machine <FSM_0> for signal <state>.
    -----------------------------------------------------------------------
    | States             | 6                                              |
    | Transitions        | 6                                              |
    | Inputs             | 0                                              |
    | Outputs            | 6                                              |
    | Clock              | CLK_FROM_KEY              (rising_edge)        |
    | Power Up State     | 000000                                         |
    | Encoding           | automatic                                      |
    | Implementation     | LUT                                            |
    -----------------------------------------------------------------------
    Found 16-bit register for signal <Address>.
    Found 2-bit register for signal <MODE>.
    Found 16-bit register for signal <WriteData>.
    Summary:
	inferred   1 Finite State Machine(s).
	inferred  34 D-type flip-flop(s).
Unit <Main> synthesized.


=========================================================================
HDL Synthesis Report

Macro Statistics
# ROMs                                                 : 1
 16x7-bit ROM                                          : 1
# Adders/Subtractors                                   : 1
 7-bit adder                                           : 1
# Registers                                            : 17
 1-bit register                                        : 10
 16-bit register                                       : 4
 18-bit register                                       : 1
 2-bit register                                        : 1
 7-bit register                                        : 1
# Multiplexers                                         : 1
 18-bit 4-to-1 multiplexer                             : 1
# Tristates                                            : 1
 16-bit tristate buffer                                : 1

=========================================================================

=========================================================================
*                       Advanced HDL Synthesis                          *
=========================================================================

Analyzing FSM <FSM_0> for best encoding.
Optimizing FSM <state/FSM> on signal <state[1:6]> with one-hot encoding.
--------------------
 State  | Encoding
--------------------
 000000 | 000001
 000001 | 000010
 000010 | 000100
 000011 | 001000
 000100 | 010000
 000101 | 100000
--------------------

=========================================================================
Advanced HDL Synthesis Report

Macro Statistics
# FSMs                                                 : 1
# ROMs                                                 : 1
 16x7-bit ROM                                          : 1
# Adders/Subtractors                                   : 1
 7-bit adder                                           : 1
# Registers                                            : 101
 Flip-Flops                                            : 101
# Multiplexers                                         : 1
 18-bit 4-to-1 multiplexer                             : 1

=========================================================================

=========================================================================
*                         Low Level Synthesis                           *
=========================================================================

Optimizing unit <Main> ...
WARNING:Xst:1710 - FF/Latch <DM/ADDR_17> (without init value) has a constant value of 0 in block <Main>. This FF/Latch will be trimmed during the optimization process.
WARNING:Xst:1710 - FF/Latch <DM/ADDR_16> (without init value) has a constant value of 0 in block <Main>. This FF/Latch will be trimmed during the optimization process.
WARNING:Xst:1710 - FF/Latch <DM/ADDR_17> (without init value) has a constant value of 0 in block <Main>. This FF/Latch will be trimmed during the optimization process.
WARNING:Xst:1710 - FF/Latch <DM/ADDR_16> (without init value) has a constant value of 0 in block <Main>. This FF/Latch will be trimmed during the optimization process.
WARNING:Xst:1710 - FF/Latch <DM/ADDR_17> (without init value) has a constant value of 0 in block <Main>. This FF/Latch will be trimmed during the optimization process.
WARNING:Xst:1710 - FF/Latch <DM/ADDR_16> (without init value) has a constant value of 0 in block <Main>. This FF/Latch will be trimmed during the optimization process.
WARNING:Xst:1710 - FF/Latch <DM/ADDR_17> (without init value) has a constant value of 0 in block <Main>. This FF/Latch will be trimmed during the optimization process.
WARNING:Xst:1710 - FF/Latch <DM/ADDR_16> (without init value) has a constant value of 0 in block <Main>. This FF/Latch will be trimmed during the optimization process.

Optimizing unit <Timer> ...
WARNING:Xst:2677 - Node <TIMER_ENTITY/CLK_MAJOR_CURRENT> of sequential type is unconnected in block <Main>.

Mapping all equations...
Building and optimizing final netlist ...
Found area constraint ratio of 100 (+ 5) on block Main, actual ratio is 0.

Final Macro Processing ...

=========================================================================
Final Register Report

Macro Statistics
# Registers                                            : 104
 Flip-Flops                                            : 104

=========================================================================

=========================================================================
*                           Partition Report                            *
=========================================================================

Partition Implementation Status
-------------------------------

  No Partitions were found in this design.

-------------------------------

=========================================================================
*                            Final Report                               *
=========================================================================
Final Results
RTL Top Level Output File Name     : Main.ngr
Top Level Output File Name         : Main
Output Format                      : NGC
Optimization Goal                  : Speed
Keep Hierarchy                     : No

Design Statistics
# IOs                              : 192

Cell Usage :
# BELS                             : 107
#      GND                         : 1
#      LUT2                        : 25
#      LUT2_L                      : 1
#      LUT3                        : 38
#      LUT3_L                      : 1
#      LUT4                        : 30
#      LUT4_L                      : 3
#      MUXF5                       : 7
#      VCC                         : 1
# FlipFlops/Latches                : 104
#      FD                          : 13
#      FDE                         : 81
#      FDP                         : 5
#      FDPE                        : 2
#      FDR                         : 1
#      FDS                         : 2
# Clock Buffers                    : 3
#      BUFG                        : 1
#      BUFGP                       : 2
# IO Buffers                       : 185
#      IBUF                        : 17
#      IOBUF                       : 16
#      OBUF                        : 152
=========================================================================

Device utilization summary:
---------------------------

Selected Device : 3s1200efg320-4 

 Number of Slices:                       70  out of   8672     0%  
 Number of Slice Flip Flops:            104  out of  17344     0%  
 Number of 4 input LUTs:                 98  out of  17344     0%  
 Number of IOs:                         192
 Number of bonded IOBs:                 187  out of    250    74%  
 Number of GCLKs:                         3  out of     24    12%  

---------------------------
Partition Resource Summary:
---------------------------

  No Partitions were found in this design.

---------------------------


=========================================================================
TIMING REPORT

NOTE: THESE TIMING NUMBERS ARE ONLY A SYNTHESIS ESTIMATE.
      FOR ACCURATE TIMING INFORMATION PLEASE REFER TO THE TRACE REPORT
      GENERATED AFTER PLACE-and-ROUTE.

Clock Information:
------------------
-----------------------------------+------------------------+-------+
Clock Signal                       | Clock buffer(FF name)  | Load  |
-----------------------------------+------------------------+-------+
CLK_FROM_KEY                       | BUFGP                  | 40    |
TIMER_ENTITY/CLK_MINOR_CURRENT1    | BUFG                   | 56    |
CLK1                               | BUFGP                  | 8     |
-----------------------------------+------------------------+-------+

Asynchronous Control Signals Information:
----------------------------------------
----------------------------------------+------------------------+-------+
Control Signal                          | Buffer(FF name)        | Load  |
----------------------------------------+------------------------+-------+
DM/EN_not0001_inv(DM/ADDR_cmp_eq00001:O)| NONE(DM/EN)            | 7     |
----------------------------------------+------------------------+-------+

Timing Summary:
---------------
Speed Grade: -4

   Minimum period: 3.963ns (Maximum Frequency: 252.334MHz)
   Minimum input arrival time before clock: 2.825ns
   Maximum output required time after clock: 6.648ns
   Maximum combinational path delay: No path found

Timing Detail:
--------------
All values displayed in nanoseconds (ns)

=========================================================================
Timing constraint: Default period analysis for Clock 'CLK_FROM_KEY'
  Clock period: 3.963ns (frequency: 252.334MHz)
  Total number of paths / destination ports: 62 / 42
-------------------------------------------------------------------------
Delay:               3.963ns (Levels of Logic = 1)
  Source:            state_FSM_FFd3 (FF)
  Destination:       Address_0 (FF)
  Source Clock:      CLK_FROM_KEY rising
  Destination Clock: CLK_FROM_KEY rising

  Data Path: state_FSM_FFd3 to Address_0
                                Gate     Net
    Cell:in->out      fanout   Delay   Delay  Logical Name (Net Name)
    ----------------------------------------  ------------
     FD:C->Q              14   0.591   1.079  state_FSM_FFd3 (state_FSM_FFd3)
     LUT2:I1->O           16   0.704   1.034  Address_mux0000<0>11 (N2)
     FDE:CE                    0.555          Address_0
    ----------------------------------------
    Total                      3.963ns (1.850ns logic, 2.113ns route)
                                       (46.7% logic, 53.3% route)

=========================================================================
Timing constraint: Default period analysis for Clock 'TIMER_ENTITY/CLK_MINOR_CURRENT1'
  Clock period: 3.852ns (frequency: 259.605MHz)
  Total number of paths / destination ports: 113 / 74
-------------------------------------------------------------------------
Delay:               3.852ns (Levels of Logic = 1)
  Source:            DM/Reading (FF)
  Destination:       DM/ReadData_15 (FF)
  Source Clock:      TIMER_ENTITY/CLK_MINOR_CURRENT1 rising
  Destination Clock: TIMER_ENTITY/CLK_MINOR_CURRENT1 rising

  Data Path: DM/Reading to DM/ReadData_15
                                Gate     Net
    Cell:in->out      fanout   Delay   Delay  Logical Name (Net Name)
    ----------------------------------------  ------------
     FDPE:C->Q            11   0.591   0.968  DM/Reading (DM/Reading)
     LUT3:I2->O           16   0.704   1.034  DM/ReadData_and00001 (DM/ReadData_and0000)
     FDE:CE                    0.555          DM/ReadData_0
    ----------------------------------------
    Total                      3.852ns (1.850ns logic, 2.002ns route)
                                       (48.0% logic, 52.0% route)

=========================================================================
Timing constraint: Default period analysis for Clock 'CLK1'
  Clock period: 3.255ns (frequency: 307.220MHz)
  Total number of paths / destination ports: 39 / 8
-------------------------------------------------------------------------
Delay:               3.255ns (Levels of Logic = 2)
  Source:            TIMER_ENTITY/count_3 (FF)
  Destination:       TIMER_ENTITY/count_6 (FF)
  Source Clock:      CLK1 rising
  Destination Clock: CLK1 rising

  Data Path: TIMER_ENTITY/count_3 to TIMER_ENTITY/count_6
                                Gate     Net
    Cell:in->out      fanout   Delay   Delay  Logical Name (Net Name)
    ----------------------------------------  ------------
     FD:C->Q               6   0.591   0.844  TIMER_ENTITY/count_3 (TIMER_ENTITY/count_3)
     LUT4_L:I0->LO         1   0.704   0.104  TIMER_ENTITY/count_mux0002<1>_SW0 (N37)
     LUT4:I3->O            1   0.704   0.000  TIMER_ENTITY/count_mux0002<0> (TIMER_ENTITY/count_mux0002<0>)
     FD:D                      0.308          TIMER_ENTITY/count_6
    ----------------------------------------
    Total                      3.255ns (2.307ns logic, 0.948ns route)
                                       (70.9% logic, 29.1% route)

=========================================================================
Timing constraint: Default OFFSET IN BEFORE for Clock 'CLK_FROM_KEY'
  Total number of paths / destination ports: 32 / 32
-------------------------------------------------------------------------
Offset:              1.973ns (Levels of Logic = 1)
  Source:            SW_DIP<0> (PAD)
  Destination:       WriteData_0 (FF)
  Destination Clock: CLK_FROM_KEY rising

  Data Path: SW_DIP<0> to WriteData_0
                                Gate     Net
    Cell:in->out      fanout   Delay   Delay  Logical Name (Net Name)
    ----------------------------------------  ------------
     IBUF:I->O             2   1.218   0.447  SW_DIP_0_IBUF (SW_DIP_0_IBUF)
     FDE:D                     0.308          WriteData_0
    ----------------------------------------
    Total                      1.973ns (1.526ns logic, 0.447ns route)
                                       (77.3% logic, 22.7% route)

=========================================================================
Timing constraint: Default OFFSET IN BEFORE for Clock 'TIMER_ENTITY/CLK_MINOR_CURRENT1'
  Total number of paths / destination ports: 18 / 17
-------------------------------------------------------------------------
Offset:              2.825ns (Levels of Logic = 2)
  Source:            RAM1DATA<15> (PAD)
  Destination:       DM/ReadData_15 (FF)
  Destination Clock: TIMER_ENTITY/CLK_MINOR_CURRENT1 rising

  Data Path: RAM1DATA<15> to DM/ReadData_15
                                Gate     Net
    Cell:in->out      fanout   Delay   Delay  Logical Name (Net Name)
    ----------------------------------------  ------------
     IOBUF:IO->O           1   1.218   0.595  RAM1DATA_15_IOBUF (N45)
     LUT2:I0->O            1   0.704   0.000  DM/ReadData_mux0002<15>1 (DM/ReadData_mux0002<15>)
     FDE:D                     0.308          DM/ReadData_15
    ----------------------------------------
    Total                      2.825ns (2.230ns logic, 0.595ns route)
                                       (78.9% logic, 21.1% route)

=========================================================================
Timing constraint: Default OFFSET OUT AFTER for Clock 'TIMER_ENTITY/CLK_MINOR_CURRENT1'
  Total number of paths / destination ports: 69 / 53
-------------------------------------------------------------------------
Offset:              4.897ns (Levels of Logic = 1)
  Source:            DM/Mtrien_DATA (FF)
  Destination:       RAM1DATA<15> (PAD)
  Source Clock:      TIMER_ENTITY/CLK_MINOR_CURRENT1 rising

  Data Path: DM/Mtrien_DATA to RAM1DATA<15>
                                Gate     Net
    Cell:in->out      fanout   Delay   Delay  Logical Name (Net Name)
    ----------------------------------------  ------------
     FDE:C->Q             16   0.591   1.034  DM/Mtrien_DATA (DM/Mtrien_DATA)
     IOBUF:T->IO               3.272          RAM1DATA_15_IOBUF (RAM1DATA<15>)
    ----------------------------------------
    Total                      4.897ns (3.863ns logic, 1.034ns route)
                                       (78.9% logic, 21.1% route)

=========================================================================
Timing constraint: Default OFFSET OUT AFTER for Clock 'CLK_FROM_KEY'
  Total number of paths / destination ports: 54 / 7
-------------------------------------------------------------------------
Offset:              6.648ns (Levels of Logic = 3)
  Source:            state_FSM_FFd5 (FF)
  Destination:       DYP0<0> (PAD)
  Source Clock:      CLK_FROM_KEY rising

  Data Path: state_FSM_FFd5 to DYP0<0>
                                Gate     Net
    Cell:in->out      fanout   Delay   Delay  Logical Name (Net Name)
    ----------------------------------------  ------------
     FD:C->Q              27   0.591   1.340  state_FSM_FFd5 (state_FSM_FFd5)
     LUT4:I1->O            1   0.704   0.000  DL/Mrom_L1_G (N126)
     MUXF5:I1->O           1   0.321   0.420  DL/Mrom_L1 (DYP0_0_OBUF)
     OBUF:I->O                 3.272          DYP0_0_OBUF (DYP0<0>)
    ----------------------------------------
    Total                      6.648ns (4.888ns logic, 1.760ns route)
                                       (73.5% logic, 26.5% route)

=========================================================================


Total REAL time to Xst completion: 6.00 secs
Total CPU time to Xst completion: 5.48 secs
 
--> 

Total memory usage is 307776 kilobytes

Number of errors   :    0 (   0 filtered)
Number of warnings :   17 (   0 filtered)
Number of infos    :    1 (   0 filtered)

