EN selectordatamemorywritedata NULL D:/Study/THU/2016Autumn/CPU/THINPAD/SelectorDataMemoryWriteData.vhd sub00/vhpl32 1479128262
EN selectorwriteregister NULL D:/Study/THU/2016Autumn/CPU/THINPAD/SelectorWriteRegister.vhd sub00/vhpl16 1479128248
AR main behavioral D:/Study/THU/2016Autumn/CPU/THINPAD/Main.vhd sub00/vhpl01 1479128281
AR selectorpcbj behavioral D:/Study/THU/2016Autumn/CPU/THINPAD/SelectorPCBJ.vhd sub00/vhpl39 1479128267
EN onebitregister NULL D:/Study/THU/2016Autumn/CPU/THINPAD/OneBitRegister.vhd sub00/vhpl36 1479128274
AR selectorwriteregisterdata behavioral D:/Study/THU/2016Autumn/CPU/THINPAD/SelectorWriteRegisterData.vhd sub00/vhpl19 1479128251
EN selectorcmpparam NULL D:/Study/THU/2016Autumn/CPU/THINPAD/SelectorCMPParam.vhd sub00/vhpl34 1479128264
AR uart behavioral D:/Study/THU/2016Autumn/CPU/THINPAD/UART.vhd sub00/vhpl51 1479346329
AR singleregister behavioral D:/Study/THU/2016Autumn/CPU/THINPAD/SingleRegister.vhd sub00/vhpl31 1479128273
AR instructionmemory behavioral D:/Study/THU/2016Autumn/CPU/THINPAD/InstructionMemory.vhd sub00/vhpl45 1479128245
EN selectorpcaluop NULL D:/Study/THU/2016Autumn/CPU/THINPAD/SelectorPCALUOp.vhd sub00/vhpl42 1479128270
AR selectoraluparam2 behavioral D:/Study/THU/2016Autumn/CPU/THINPAD/SelectorALUParam2.vhd sub00/vhpl23 1479128255
AR datamemory behavioral D:/Study/THU/2016Autumn/CPU/THINPAD/DataMemory.vhd sub00/vhpl47 1479344969
EN cpu NULL D:/Study/THU/2016Autumn/CPU/THINPAD/CPU.vhd sub00/vhpl04 1479128278
EN selectorpcbj NULL D:/Study/THU/2016Autumn/CPU/THINPAD/SelectorPCBJ.vhd sub00/vhpl38 1479128266
EN selectorspinput NULL D:/Study/THU/2016Autumn/CPU/THINPAD/SelectorSPInput.vhd sub00/vhpl28 1479128260
AR cpu behavioral D:/Study/THU/2016Autumn/CPU/THINPAD/CPU.vhd sub00/vhpl05 1479128279
AR selectorimmediate behavioral D:/Study/THU/2016Autumn/CPU/THINPAD/SelectorImmediate.vhd sub00/vhpl27 1479128259
EN selectoraluparam1 NULL D:/Study/THU/2016Autumn/CPU/THINPAD/SelectorALUParam1.vhd sub00/vhpl20 1479128252
EN selectoraluparam2 NULL D:/Study/THU/2016Autumn/CPU/THINPAD/SelectorALUParam2.vhd sub00/vhpl22 1479128254
EN main NULL D:/Study/THU/2016Autumn/CPU/THINPAD/Main.vhd sub00/vhpl00 1479128280
AR registersheap behavioral D:/Study/THU/2016Autumn/CPU/THINPAD/RegistersHeap.vhd sub00/vhpl09 1479128237
AR selectorwriteregister behavioral D:/Study/THU/2016Autumn/CPU/THINPAD/SelectorWriteRegister.vhd sub00/vhpl17 1479128249
EN digitlights NULL D:/Study/THU/2016Autumn/CPU/THINPAD/DigitLights.vhd sub00/vhpl06 1479128234
EN selectorimmediate NULL D:/Study/THU/2016Autumn/CPU/THINPAD/SelectorImmediate.vhd sub00/vhpl26 1479128258
EN selectorshiftparam NULL D:/Study/THU/2016Autumn/CPU/THINPAD/SelectorShiftParam.vhd sub00/vhpl24 1479128256
AR selectorspinput behavioral D:/Study/THU/2016Autumn/CPU/THINPAD/SelectorSPInput.vhd sub00/vhpl29 1479128261
EN selectorpcaluadder NULL D:/Study/THU/2016Autumn/CPU/THINPAD/SelectorPCALUAdder.vhd sub00/vhpl40 1479128268
EN instructionmemory NULL D:/Study/THU/2016Autumn/CPU/THINPAD/InstructionMemory.vhd sub00/vhpl44 1479128244
AR timer behavioral D:/Study/THU/2016Autumn/CPU/THINPAD/Timer.vhd sub00/vhpl03 1479128277
AR selectorpcaluop behavioral D:/Study/THU/2016Autumn/CPU/THINPAD/SelectorPCALUOp.vhd sub00/vhpl43 1479128271
AR alu behavioral D:/Study/THU/2016Autumn/CPU/THINPAD/ALU.vhd sub00/vhpl14 1479128239
EN pcalu NULL D:/Study/THU/2016Autumn/CPU/THINPAD/PCALU.vhd sub00/vhpl10 1479128240
EN datamemory NULL D:/Study/THU/2016Autumn/CPU/THINPAD/DataMemory.vhd sub00/vhpl46 1479344968
EN singleregister NULL D:/Study/THU/2016Autumn/CPU/THINPAD/SingleRegister.vhd sub00/vhpl30 1479128272
AR selectoraluparam1 behavioral D:/Study/THU/2016Autumn/CPU/THINPAD/SelectorALUParam1.vhd sub00/vhpl21 1479128253
AR selectorcmpparam behavioral D:/Study/THU/2016Autumn/CPU/THINPAD/SelectorCMPParam.vhd sub00/vhpl35 1479128265
EN selectorwriteregisterdata NULL D:/Study/THU/2016Autumn/CPU/THINPAD/SelectorWriteRegisterData.vhd sub00/vhpl18 1479128250
EN registersheap NULL D:/Study/THU/2016Autumn/CPU/THINPAD/RegistersHeap.vhd sub00/vhpl08 1479128236
EN comparator NULL D:/Study/THU/2016Autumn/CPU/THINPAD/Comparator.vhd sub00/vhpl12 1479128242
EN controller NULL D:/Study/THU/2016Autumn/CPU/THINPAD/Controller.vhd sub00/vhpl48 1479127041
AR digitlights behavioral D:/Study/THU/2016Autumn/CPU/THINPAD/DigitLights.vhd sub00/vhpl07 1479128235
AR onebitregister behavioral D:/Study/THU/2016Autumn/CPU/THINPAD/OneBitRegister.vhd sub00/vhpl37 1479128275
AR selectorpcaluadder behavioral D:/Study/THU/2016Autumn/CPU/THINPAD/SelectorPCALUAdder.vhd sub00/vhpl41 1479128269
EN uart NULL D:/Study/THU/2016Autumn/CPU/THINPAD/UART.vhd sub00/vhpl50 1479346328
AR comparator behavioral D:/Study/THU/2016Autumn/CPU/THINPAD/Comparator.vhd sub00/vhpl15 1479128243
AR controller behavioral D:/Study/THU/2016Autumn/CPU/THINPAD/Controller.vhd sub00/vhpl49 1478916598
AR selectordatamemorywritedata behavioral D:/Study/THU/2016Autumn/CPU/THINPAD/SelectorDataMemoryWriteData.vhd sub00/vhpl33 1479128263
AR selectorshiftparam behavioral D:/Study/THU/2016Autumn/CPU/THINPAD/SelectorShiftParam.vhd sub00/vhpl25 1479128257
EN alu NULL D:/Study/THU/2016Autumn/CPU/THINPAD/ALU.vhd sub00/vhpl13 1479128238
EN timer NULL D:/Study/THU/2016Autumn/CPU/THINPAD/Timer.vhd sub00/vhpl02 1479128276
AR pcalu behavioral D:/Study/THU/2016Autumn/CPU/THINPAD/PCALU.vhd sub00/vhpl11 1479128241
