AR main behavioral D:/Study/THU/2016Autumn/CPU/THINPAD/Main.vhd sub00/vhpl01 1478781055
EN cpu NULL D:/Study/THU/2016Autumn/CPU/THINPAD/CPU.vhd sub00/vhpl04 1478781052
AR cpu behavioral D:/Study/THU/2016Autumn/CPU/THINPAD/CPU.vhd sub00/vhpl05 1478781053
EN main NULL D:/Study/THU/2016Autumn/CPU/THINPAD/Main.vhd sub00/vhpl00 1478781054
AR registersheap behavioral D:/Study/THU/2016Autumn/CPU/THINPAD/RegistersHeap.vhd sub00/vhpl09 1478780392
EN digitlights NULL D:/Study/THU/2016Autumn/CPU/THINPAD/DigitLights.vhd sub00/vhpl06 1478781048
AR timer behavioral D:/Study/THU/2016Autumn/CPU/THINPAD/Timer.vhd sub00/vhpl03 1478781051
AR alu behavioral D:/Study/THU/2016Autumn/CPU/THINPAD/ALU.vhd sub00/vhpl14 1478780632
EN pcalu NULL D:/Study/THU/2016Autumn/CPU/THINPAD/PCALU.vhd sub00/vhpl10 1478780655
EN registersheap NULL D:/Study/THU/2016Autumn/CPU/THINPAD/RegistersHeap.vhd sub00/vhpl08 1478780391
EN comparator NULL D:/Study/THU/2016Autumn/CPU/THINPAD/Comparator.vhd sub00/vhpl12 1478781032
AR digitlights behavioral D:/Study/THU/2016Autumn/CPU/THINPAD/DigitLights.vhd sub00/vhpl07 1478781049
AR comparator behavioral D:/Study/THU/2016Autumn/CPU/THINPAD/Comparator.vhd sub00/vhpl15 1478781033
EN alu NULL D:/Study/THU/2016Autumn/CPU/THINPAD/ALU.vhd sub00/vhpl13 1478780631
EN timer NULL D:/Study/THU/2016Autumn/CPU/THINPAD/Timer.vhd sub00/vhpl02 1478781050
AR pcalu behavioral D:/Study/THU/2016Autumn/CPU/THINPAD/PCALU.vhd sub00/vhpl11 1478780656
