EN selectordatamemorywritedata NULL D:/Study/THU/2016Autumn/CPU/THINPAD/SelectorDataMemoryWriteData.vhd sub00/vhpl36 1479361467
EN selectorwriteregister NULL D:/Study/THU/2016Autumn/CPU/THINPAD/SelectorWriteRegister.vhd sub00/vhpl22 1479361453
AR main behavioral D:/Study/THU/2016Autumn/CPU/THINPAD/Main.vhd sub00/vhpl07 1479361428
AR selectorpcbj behavioral D:/Study/THU/2016Autumn/CPU/THINPAD/SelectorPCBJ.vhd sub00/vhpl41 1479361472
EN onebitregister NULL D:/Study/THU/2016Autumn/CPU/THINPAD/OneBitRegister.vhd sub00/vhpl50 1479361481
AR selectorwriteregisterdata behavioral D:/Study/THU/2016Autumn/CPU/THINPAD/SelectorWriteRegisterData.vhd sub00/vhpl25 1479361456
EN selectorcmpparam NULL D:/Study/THU/2016Autumn/CPU/THINPAD/SelectorCMPParam.vhd sub00/vhpl38 1479361469
AR uart behavioral D:/Study/THU/2016Autumn/CPU/THINPAD/UART.vhd sub00/vhpl21 1479361452
AR singleregister behavioral D:/Study/THU/2016Autumn/CPU/THINPAD/SingleRegister.vhd sub00/vhpl49 1479361480
AR instructionmemory behavioral D:/Study/THU/2016Autumn/CPU/THINPAD/InstructionMemory.vhd sub00/vhpl17 1479361446
EN selectormemoryaddress NULL D:/Study/THU/2016Autumn/CPU/THINPAD/SelectorMemoryAddress.vhd sub00/vhpl46 1479361477
EN selectorpcaluop NULL D:/Study/THU/2016Autumn/CPU/THINPAD/SelectorPCALUOp.vhd sub00/vhpl44 1479361475
AR selectoraluparam2 behavioral D:/Study/THU/2016Autumn/CPU/THINPAD/SelectorALUParam2.vhd sub00/vhpl29 1479361460
AR datamemory behavioral D:/Study/THU/2016Autumn/CPU/THINPAD/DataMemory.vhd sub00/vhpl19 1479361448
EN cpu NULL D:/Study/THU/2016Autumn/CPU/THINPAD/CPU.vhd sub00/vhpl52 1479361483
EN selectorpcbj NULL D:/Study/THU/2016Autumn/CPU/THINPAD/SelectorPCBJ.vhd sub00/vhpl40 1479361471
EN selectorspinput NULL D:/Study/THU/2016Autumn/CPU/THINPAD/SelectorSPInput.vhd sub00/vhpl34 1479361465
AR cpu behavioral D:/Study/THU/2016Autumn/CPU/THINPAD/CPU.vhd sub00/vhpl53 1479361484
AR selectorimmediate behavioral D:/Study/THU/2016Autumn/CPU/THINPAD/SelectorImmediate.vhd sub00/vhpl33 1479361464
EN selectoraluparam1 NULL D:/Study/THU/2016Autumn/CPU/THINPAD/SelectorALUParam1.vhd sub00/vhpl26 1479361457
EN selectoraluparam2 NULL D:/Study/THU/2016Autumn/CPU/THINPAD/SelectorALUParam2.vhd sub00/vhpl28 1479361459
EN main NULL D:/Study/THU/2016Autumn/CPU/THINPAD/Main.vhd sub00/vhpl06 1479361427
AR registersheap behavioral D:/Study/THU/2016Autumn/CPU/THINPAD/RegistersHeap.vhd sub00/vhpl09 1479361438
AR selectormemoryaddress behavioral D:/Study/THU/2016Autumn/CPU/THINPAD/SelectorMemoryAddress.vhd sub00/vhpl47 1479361478
AR selectorwriteregister behavioral D:/Study/THU/2016Autumn/CPU/THINPAD/SelectorWriteRegister.vhd sub00/vhpl23 1479361454
EN digitlights NULL D:/Study/THU/2016Autumn/CPU/THINPAD/DigitLights.vhd sub00/vhpl02 1479361435
EN selectorimmediate NULL D:/Study/THU/2016Autumn/CPU/THINPAD/SelectorImmediate.vhd sub00/vhpl32 1479361463
EN memory NULL D:/Study/THU/2016Autumn/CPU/THINPAD/Memory.vhd sub00/vhpl04 1479361449
EN selectorshiftparam NULL D:/Study/THU/2016Autumn/CPU/THINPAD/SelectorShiftParam.vhd sub00/vhpl30 1479361461
AR selectorspinput behavioral D:/Study/THU/2016Autumn/CPU/THINPAD/SelectorSPInput.vhd sub00/vhpl35 1479361466
EN selectorpcaluadder NULL D:/Study/THU/2016Autumn/CPU/THINPAD/SelectorPCALUAdder.vhd sub00/vhpl42 1479361473
EN instructionmemory NULL D:/Study/THU/2016Autumn/CPU/THINPAD/InstructionMemory.vhd sub00/vhpl16 1479361445
AR memory behavioral D:/Study/THU/2016Autumn/CPU/THINPAD/Memory.vhd sub00/vhpl05 1479361450
AR timer behavioral D:/Study/THU/2016Autumn/CPU/THINPAD/Timer.vhd sub00/vhpl01 1479361422
AR selectorpcaluop behavioral D:/Study/THU/2016Autumn/CPU/THINPAD/SelectorPCALUOp.vhd sub00/vhpl45 1479361476
AR alu behavioral D:/Study/THU/2016Autumn/CPU/THINPAD/ALU.vhd sub00/vhpl11 1479361440
EN pcalu NULL D:/Study/THU/2016Autumn/CPU/THINPAD/PCALU.vhd sub00/vhpl12 1479361441
EN datamemory NULL D:/Study/THU/2016Autumn/CPU/THINPAD/DataMemory.vhd sub00/vhpl18 1479361447
EN singleregister NULL D:/Study/THU/2016Autumn/CPU/THINPAD/SingleRegister.vhd sub00/vhpl48 1479361479
AR selectoraluparam1 behavioral D:/Study/THU/2016Autumn/CPU/THINPAD/SelectorALUParam1.vhd sub00/vhpl27 1479361458
AR selectorcmpparam behavioral D:/Study/THU/2016Autumn/CPU/THINPAD/SelectorCMPParam.vhd sub00/vhpl39 1479361470
EN selectorwriteregisterdata NULL D:/Study/THU/2016Autumn/CPU/THINPAD/SelectorWriteRegisterData.vhd sub00/vhpl24 1479361455
EN registersheap NULL D:/Study/THU/2016Autumn/CPU/THINPAD/RegistersHeap.vhd sub00/vhpl08 1479361437
EN comparator NULL D:/Study/THU/2016Autumn/CPU/THINPAD/Comparator.vhd sub00/vhpl14 1479361443
AR digitlights behavioral D:/Study/THU/2016Autumn/CPU/THINPAD/DigitLights.vhd sub00/vhpl03 1479361436
EN uart NULL D:/Study/THU/2016Autumn/CPU/THINPAD/UART.vhd sub00/vhpl20 1479361451
AR onebitregister behavioral D:/Study/THU/2016Autumn/CPU/THINPAD/OneBitRegister.vhd sub00/vhpl51 1479361482
AR selectorpcaluadder behavioral D:/Study/THU/2016Autumn/CPU/THINPAD/SelectorPCALUAdder.vhd sub00/vhpl43 1479361474
AR comparator behavioral D:/Study/THU/2016Autumn/CPU/THINPAD/Comparator.vhd sub00/vhpl15 1479361444
AR selectordatamemorywritedata behavioral D:/Study/THU/2016Autumn/CPU/THINPAD/SelectorDataMemoryWriteData.vhd sub00/vhpl37 1479361468
AR selectorshiftparam behavioral D:/Study/THU/2016Autumn/CPU/THINPAD/SelectorShiftParam.vhd sub00/vhpl31 1479361462
EN alu NULL D:/Study/THU/2016Autumn/CPU/THINPAD/ALU.vhd sub00/vhpl10 1479361439
EN timer NULL D:/Study/THU/2016Autumn/CPU/THINPAD/Timer.vhd sub00/vhpl00 1479361421
AR pcalu behavioral D:/Study/THU/2016Autumn/CPU/THINPAD/PCALU.vhd sub00/vhpl13 1479361442
