V3 15
FL D:/Study/THU/2016Autumn/CPU/THINPAD/DigitLights.vhd 2016/11/10.17:33:06 P.20131013
EN work/DigitLights 1479361814 \
      FL D:/Study/THU/2016Autumn/CPU/THINPAD/DigitLights.vhd \
      PB ieee/std_logic_1164 1381692176
AR work/DigitLights/Behavioral 1479361815 \
      FL D:/Study/THU/2016Autumn/CPU/THINPAD/DigitLights.vhd EN work/DigitLights 1479361814
FL D:/Study/THU/2016Autumn/CPU/THINPAD/Main.vhd 2016/11/17.13:25:16 P.20131013
EN work/Main 1479361818 FL D:/Study/THU/2016Autumn/CPU/THINPAD/Main.vhd \
      PB ieee/std_logic_1164 1381692176
AR work/Main/Behavioral 1479361819 \
      FL D:/Study/THU/2016Autumn/CPU/THINPAD/Main.vhd EN work/Main 1479361818 \
      CP Timer CP DigitLights CP Memory
FL D:/Study/THU/2016Autumn/CPU/THINPAD/Memory.vhd 2016/11/17.09:11:30 P.20131013
EN work/Memory 1479361816 FL D:/Study/THU/2016Autumn/CPU/THINPAD/Memory.vhd \
      PB ieee/std_logic_1164 1381692176
AR work/Memory/Behavioral 1479361817 \
      FL D:/Study/THU/2016Autumn/CPU/THINPAD/Memory.vhd EN work/Memory 1479361816
FL D:/Study/THU/2016Autumn/CPU/THINPAD/Timer.vhd 2016/11/14.20:18:22 P.20131013
EN work/Timer 1479361812 FL D:/Study/THU/2016Autumn/CPU/THINPAD/Timer.vhd \
      PB ieee/std_logic_1164 1381692176
AR work/Timer/Behavioral 1479361813 \
      FL D:/Study/THU/2016Autumn/CPU/THINPAD/Timer.vhd EN work/Timer 1479361812
