V3 106
FL D:/Study/THU/2016Autumn/CPU/THINPAD/ALU.vhd 2016/11/14.20:05:35 P.20131013
EN work/ALU 1479361439 FL D:/Study/THU/2016Autumn/CPU/THINPAD/ALU.vhd \
      PB ieee/std_logic_1164 1381692176 PB ieee/NUMERIC_STD 1381692181 \
      PB ieee/STD_LOGIC_UNSIGNED 1381692179
AR work/ALU/Behavioral 1479361440 \
      FL D:/Study/THU/2016Autumn/CPU/THINPAD/ALU.vhd EN work/ALU 1479361439
FL D:/Study/THU/2016Autumn/CPU/THINPAD/Comparator.vhd 2016/11/11.11:00:58 P.20131013
EN work/Comparator 1479361443 \
      FL D:/Study/THU/2016Autumn/CPU/THINPAD/Comparator.vhd \
      PB ieee/std_logic_1164 1381692176 PB ieee/NUMERIC_STD 1381692181 \
      PB ieee/STD_LOGIC_UNSIGNED 1381692179
AR work/Comparator/Behavioral 1479361444 \
      FL D:/Study/THU/2016Autumn/CPU/THINPAD/Comparator.vhd EN work/Comparator 1479361443
FL D:/Study/THU/2016Autumn/CPU/THINPAD/CPU.vhd 2016/11/17.13:43:33 P.20131013
EN work/CPU 1479361483 FL D:/Study/THU/2016Autumn/CPU/THINPAD/CPU.vhd \
      PB ieee/std_logic_1164 1381692176 PB ieee/STD_LOGIC_SIGNED 1381692178 \
      PB ieee/std_logic_arith 1381692177 PB ieee/STD_LOGIC_UNSIGNED 1381692179
AR work/CPU/Behavioral 1479361484 \
      FL D:/Study/THU/2016Autumn/CPU/THINPAD/CPU.vhd EN work/CPU 1479361483 \
      CP DigitLights CP RegistersHeap CP ALU CP PCALU CP Comparator \
      CP InstructionMemory CP DataMemory CP Memory CP UART CP SelectorWriteRegister \
      CP SelectorWriteRegisterData CP SelectorALUParam1 CP SelectorALUParam2 \
      CP SelectorShiftParam CP SelectorImmediate CP SelectorSPInput \
      CP SelectorDataMemoryWriteData CP SelectorCMPParam CP SelectorPCBJ \
      CP SelectorPCALUAdder CP SelectorPCALUOp CP SelectorMemoryAddress \
      CP SingleRegister CP OneBitRegister
FL D:/Study/THU/2016Autumn/CPU/THINPAD/DataMemory.vhd 2016/11/14.18:19:59 P.20131013
EN work/DataMemory 1479361447 \
      FL D:/Study/THU/2016Autumn/CPU/THINPAD/DataMemory.vhd \
      PB ieee/std_logic_1164 1381692176
AR work/DataMemory/Behavioral 1479361448 \
      FL D:/Study/THU/2016Autumn/CPU/THINPAD/DataMemory.vhd EN work/DataMemory 1479361447
FL D:/Study/THU/2016Autumn/CPU/THINPAD/DigitLights.vhd 2016/11/10.17:33:06 P.20131013
EN work/DigitLights 1479361435 \
      FL D:/Study/THU/2016Autumn/CPU/THINPAD/DigitLights.vhd \
      PB ieee/std_logic_1164 1381692176
AR work/DigitLights/Behavioral 1479361436 \
      FL D:/Study/THU/2016Autumn/CPU/THINPAD/DigitLights.vhd EN work/DigitLights 1479361435
FL D:/Study/THU/2016Autumn/CPU/THINPAD/InstructionMemory.vhd 2016/11/14.09:58:04 P.20131013
EN work/InstructionMemory 1479361445 \
      FL D:/Study/THU/2016Autumn/CPU/THINPAD/InstructionMemory.vhd \
      PB ieee/std_logic_1164 1381692176
AR work/InstructionMemory/Behavioral 1479361446 \
      FL D:/Study/THU/2016Autumn/CPU/THINPAD/InstructionMemory.vhd \
      EN work/InstructionMemory 1479361445
FL D:/Study/THU/2016Autumn/CPU/THINPAD/Main.vhd 2016/11/17.13:25:16 P.20131013
EN work/Main 1479361427 FL D:/Study/THU/2016Autumn/CPU/THINPAD/Main.vhd \
      PB ieee/std_logic_1164 1381692176
AR work/Main/Behavioral 1479361428 \
      FL D:/Study/THU/2016Autumn/CPU/THINPAD/Main.vhd EN work/Main 1479361427 \
      CP Timer CP DigitLights CP Memory
FL D:/Study/THU/2016Autumn/CPU/THINPAD/Memory.vhd 2016/11/17.09:11:30 P.20131013
EN work/Memory 1479361449 FL D:/Study/THU/2016Autumn/CPU/THINPAD/Memory.vhd \
      PB ieee/std_logic_1164 1381692176
AR work/Memory/Behavioral 1479361450 \
      FL D:/Study/THU/2016Autumn/CPU/THINPAD/Memory.vhd EN work/Memory 1479361449
FL D:/Study/THU/2016Autumn/CPU/THINPAD/OneBitRegister.vhd 2016/11/14.18:39:04 P.20131013
EN work/OneBitRegister 1479361481 \
      FL D:/Study/THU/2016Autumn/CPU/THINPAD/OneBitRegister.vhd \
      PB ieee/std_logic_1164 1381692176
AR work/OneBitRegister/Behavioral 1479361482 \
      FL D:/Study/THU/2016Autumn/CPU/THINPAD/OneBitRegister.vhd \
      EN work/OneBitRegister 1479361481
FL D:/Study/THU/2016Autumn/CPU/THINPAD/PCALU.vhd 2016/11/10.20:21:25 P.20131013
EN work/PCALU 1479361441 FL D:/Study/THU/2016Autumn/CPU/THINPAD/PCALU.vhd \
      PB ieee/std_logic_1164 1381692176 PB ieee/NUMERIC_STD 1381692181 \
      PB ieee/STD_LOGIC_UNSIGNED 1381692179
AR work/PCALU/Behavioral 1479361442 \
      FL D:/Study/THU/2016Autumn/CPU/THINPAD/PCALU.vhd EN work/PCALU 1479361441
FL D:/Study/THU/2016Autumn/CPU/THINPAD/RegistersHeap.vhd 2016/11/13.15:11:49 P.20131013
EN work/RegistersHeap 1479361437 \
      FL D:/Study/THU/2016Autumn/CPU/THINPAD/RegistersHeap.vhd \
      PB ieee/std_logic_1164 1381692176
AR work/RegistersHeap/Behavioral 1479361438 \
      FL D:/Study/THU/2016Autumn/CPU/THINPAD/RegistersHeap.vhd \
      EN work/RegistersHeap 1479361437
FL D:/Study/THU/2016Autumn/CPU/THINPAD/SelectorALUParam1.vhd 2016/11/10.22:41:56 P.20131013
EN work/SelectorALUParam1 1479361457 \
      FL D:/Study/THU/2016Autumn/CPU/THINPAD/SelectorALUParam1.vhd \
      PB ieee/std_logic_1164 1381692176
AR work/SelectorALUParam1/Behavioral 1479361458 \
      FL D:/Study/THU/2016Autumn/CPU/THINPAD/SelectorALUParam1.vhd \
      EN work/SelectorALUParam1 1479361457
FL D:/Study/THU/2016Autumn/CPU/THINPAD/SelectorALUParam2.vhd 2016/11/10.22:44:56 P.20131013
EN work/SelectorALUParam2 1479361459 \
      FL D:/Study/THU/2016Autumn/CPU/THINPAD/SelectorALUParam2.vhd \
      PB ieee/std_logic_1164 1381692176 PB ieee/NUMERIC_STD 1381692181
AR work/SelectorALUParam2/Behavioral 1479361460 \
      FL D:/Study/THU/2016Autumn/CPU/THINPAD/SelectorALUParam2.vhd \
      EN work/SelectorALUParam2 1479361459
FL D:/Study/THU/2016Autumn/CPU/THINPAD/SelectorCMPParam.vhd 2016/11/11.15:47:11 P.20131013
EN work/SelectorCMPParam 1479361469 \
      FL D:/Study/THU/2016Autumn/CPU/THINPAD/SelectorCMPParam.vhd \
      PB ieee/std_logic_1164 1381692176 PB ieee/NUMERIC_STD 1381692181
AR work/SelectorCMPParam/Behavioral 1479361470 \
      FL D:/Study/THU/2016Autumn/CPU/THINPAD/SelectorCMPParam.vhd \
      EN work/SelectorCMPParam 1479361469
FL D:/Study/THU/2016Autumn/CPU/THINPAD/SelectorDataMemoryWriteData.vhd 2016/11/11.15:29:25 P.20131013
EN work/SelectorDataMemoryWriteData 1479361467 \
      FL D:/Study/THU/2016Autumn/CPU/THINPAD/SelectorDataMemoryWriteData.vhd \
      PB ieee/std_logic_1164 1381692176
AR work/SelectorDataMemoryWriteData/Behavioral 1479361468 \
      FL D:/Study/THU/2016Autumn/CPU/THINPAD/SelectorDataMemoryWriteData.vhd \
      EN work/SelectorDataMemoryWriteData 1479361467
FL D:/Study/THU/2016Autumn/CPU/THINPAD/SelectorImmediate.vhd 2016/11/11.10:07:52 P.20131013
EN work/SelectorImmediate 1479361463 \
      FL D:/Study/THU/2016Autumn/CPU/THINPAD/SelectorImmediate.vhd \
      PB ieee/std_logic_1164 1381692176 PB ieee/NUMERIC_STD 1381692181
AR work/SelectorImmediate/Behavioral 1479361464 \
      FL D:/Study/THU/2016Autumn/CPU/THINPAD/SelectorImmediate.vhd \
      EN work/SelectorImmediate 1479361463
FL D:/Study/THU/2016Autumn/CPU/THINPAD/SelectorMemoryAddress.vhd 2016/11/17.13:29:47 P.20131013
EN work/SelectorMemoryAddress 1479361477 \
      FL D:/Study/THU/2016Autumn/CPU/THINPAD/SelectorMemoryAddress.vhd \
      PB ieee/std_logic_1164 1381692176
AR work/SelectorMemoryAddress/Behavioral 1479361478 \
      FL D:/Study/THU/2016Autumn/CPU/THINPAD/SelectorMemoryAddress.vhd \
      EN work/SelectorMemoryAddress 1479361477
FL D:/Study/THU/2016Autumn/CPU/THINPAD/SelectorPCALUAdder.vhd 2016/11/11.16:16:04 P.20131013
EN work/SelectorPCALUAdder 1479361473 \
      FL D:/Study/THU/2016Autumn/CPU/THINPAD/SelectorPCALUAdder.vhd \
      PB ieee/std_logic_1164 1381692176 PB ieee/NUMERIC_STD 1381692181
AR work/SelectorPCALUAdder/Behavioral 1479361474 \
      FL D:/Study/THU/2016Autumn/CPU/THINPAD/SelectorPCALUAdder.vhd \
      EN work/SelectorPCALUAdder 1479361473
FL D:/Study/THU/2016Autumn/CPU/THINPAD/SelectorPCALUOp.vhd 2016/11/11.16:33:46 P.20131013
EN work/SelectorPCALUOp 1479361475 \
      FL D:/Study/THU/2016Autumn/CPU/THINPAD/SelectorPCALUOp.vhd \
      PB ieee/std_logic_1164 1381692176
AR work/SelectorPCALUOp/Behavioral 1479361476 \
      FL D:/Study/THU/2016Autumn/CPU/THINPAD/SelectorPCALUOp.vhd \
      EN work/SelectorPCALUOp 1479361475
FL D:/Study/THU/2016Autumn/CPU/THINPAD/SelectorPCBJ.vhd 2016/11/11.16:05:46 P.20131013
EN work/SelectorPCBJ 1479361471 \
      FL D:/Study/THU/2016Autumn/CPU/THINPAD/SelectorPCBJ.vhd \
      PB ieee/std_logic_1164 1381692176
AR work/SelectorPCBJ/Behavioral 1479361472 \
      FL D:/Study/THU/2016Autumn/CPU/THINPAD/SelectorPCBJ.vhd \
      EN work/SelectorPCBJ 1479361471
FL D:/Study/THU/2016Autumn/CPU/THINPAD/SelectorShiftParam.vhd 2016/11/10.22:55:02 P.20131013
EN work/SelectorShiftParam 1479361461 \
      FL D:/Study/THU/2016Autumn/CPU/THINPAD/SelectorShiftParam.vhd \
      PB ieee/std_logic_1164 1381692176
AR work/SelectorShiftParam/Behavioral 1479361462 \
      FL D:/Study/THU/2016Autumn/CPU/THINPAD/SelectorShiftParam.vhd \
      EN work/SelectorShiftParam 1479361461
FL D:/Study/THU/2016Autumn/CPU/THINPAD/SelectorSPInput.vhd 2016/11/11.15:14:53 P.20131013
EN work/SelectorSPInput 1479361465 \
      FL D:/Study/THU/2016Autumn/CPU/THINPAD/SelectorSPInput.vhd \
      PB ieee/std_logic_1164 1381692176
AR work/SelectorSPInput/Behavioral 1479361466 \
      FL D:/Study/THU/2016Autumn/CPU/THINPAD/SelectorSPInput.vhd \
      EN work/SelectorSPInput 1479361465
FL D:/Study/THU/2016Autumn/CPU/THINPAD/SelectorWriteRegister.vhd 2016/11/10.21:46:29 P.20131013
EN work/SelectorWriteRegister 1479361453 \
      FL D:/Study/THU/2016Autumn/CPU/THINPAD/SelectorWriteRegister.vhd \
      PB ieee/std_logic_1164 1381692176
AR work/SelectorWriteRegister/Behavioral 1479361454 \
      FL D:/Study/THU/2016Autumn/CPU/THINPAD/SelectorWriteRegister.vhd \
      EN work/SelectorWriteRegister 1479361453
FL D:/Study/THU/2016Autumn/CPU/THINPAD/SelectorWriteRegisterData.vhd 2016/11/17.13:29:47 P.20131013
EN work/SelectorWriteRegisterData 1479361455 \
      FL D:/Study/THU/2016Autumn/CPU/THINPAD/SelectorWriteRegisterData.vhd \
      PB ieee/std_logic_1164 1381692176
AR work/SelectorWriteRegisterData/Behavioral 1479361456 \
      FL D:/Study/THU/2016Autumn/CPU/THINPAD/SelectorWriteRegisterData.vhd \
      EN work/SelectorWriteRegisterData 1479361455
FL D:/Study/THU/2016Autumn/CPU/THINPAD/SingleRegister.vhd 2016/11/14.18:39:10 P.20131013
EN work/SingleRegister 1479361479 \
      FL D:/Study/THU/2016Autumn/CPU/THINPAD/SingleRegister.vhd \
      PB ieee/std_logic_1164 1381692176
AR work/SingleRegister/Behavioral 1479361480 \
      FL D:/Study/THU/2016Autumn/CPU/THINPAD/SingleRegister.vhd \
      EN work/SingleRegister 1479361479
FL D:/Study/THU/2016Autumn/CPU/THINPAD/Timer.vhd 2016/11/14.20:18:22 P.20131013
EN work/Timer 1479361421 FL D:/Study/THU/2016Autumn/CPU/THINPAD/Timer.vhd \
      PB ieee/std_logic_1164 1381692176
AR work/Timer/Behavioral 1479361422 \
      FL D:/Study/THU/2016Autumn/CPU/THINPAD/Timer.vhd EN work/Timer 1479361421
FL D:/Study/THU/2016Autumn/CPU/THINPAD/UART.vhd 2016/11/17.13:28:18 P.20131013
EN work/UART 1479361451 FL D:/Study/THU/2016Autumn/CPU/THINPAD/UART.vhd \
      PB ieee/std_logic_1164 1381692176
AR work/UART/Behavioral 1479361452 \
      FL D:/Study/THU/2016Autumn/CPU/THINPAD/UART.vhd EN work/UART 1479361451
